Performing C++ SOURCE FILE Test has_span failed with the following output:
Change Dir: /home/hetech/para deletar/gnss-sdr/build/CMakeFiles/CMakeTmp

Run Build Command(s):/usr/bin/gmake -f Makefile cmTC_9b6f4/fast && /usr/bin/gmake  -f CMakeFiles/cmTC_9b6f4.dir/build.make CMakeFiles/cmTC_9b6f4.dir/build
gmake[1]: Entering directory '/home/hetech/para deletar/gnss-sdr/build/CMakeFiles/CMakeTmp'
Building CXX object CMakeFiles/cmTC_9b6f4.dir/src.cxx.o
/usr/bin/g++ -Dhas_span  -std=c++17 -o CMakeFiles/cmTC_9b6f4.dir/src.cxx.o -c "/home/hetech/para deletar/gnss-sdr/build/CMakeFiles/CMakeTmp/src.cxx"
/home/hetech/para deletar/gnss-sdr/build/CMakeFiles/CMakeTmp/src.cxx: In function ‘int main()’:
/home/hetech/para deletar/gnss-sdr/build/CMakeFiles/CMakeTmp/src.cxx:4:12: error: ‘span’ is not a member of ‘std’
    4 |     { std::span<float> s; }
      |            ^~~~
/home/hetech/para deletar/gnss-sdr/build/CMakeFiles/CMakeTmp/src.cxx:4:17: error: expected primary-expression before ‘float’
    4 |     { std::span<float> s; }
      |                 ^~~~~
gmake[1]: *** [CMakeFiles/cmTC_9b6f4.dir/build.make:78: CMakeFiles/cmTC_9b6f4.dir/src.cxx.o] Error 1
gmake[1]: Leaving directory '/home/hetech/para deletar/gnss-sdr/build/CMakeFiles/CMakeTmp'
gmake: *** [Makefile:127: cmTC_9b6f4/fast] Error 2


Source file was:

    #include <span>
    int main()
    { std::span<float> s; }
Determining if the CL_VERSION_2_2 exist failed with the following output:
Change Dir: /home/hetech/para deletar/gnss-sdr/build/CMakeFiles/CMakeTmp

Run Build Command(s):/usr/bin/gmake -f Makefile cmTC_bdcba/fast && /usr/bin/gmake  -f CMakeFiles/cmTC_bdcba.dir/build.make CMakeFiles/cmTC_bdcba.dir/build
gmake[1]: Entering directory '/home/hetech/para deletar/gnss-sdr/build/CMakeFiles/CMakeTmp'
Building C object CMakeFiles/cmTC_bdcba.dir/CheckSymbolExists.c.o
/usr/bin/gcc   -std=gnu11 -o CMakeFiles/cmTC_bdcba.dir/CheckSymbolExists.c.o -c "/home/hetech/para deletar/gnss-sdr/build/CMakeFiles/CMakeTmp/CheckSymbolExists.c"
/home/hetech/para deletar/gnss-sdr/build/CMakeFiles/CMakeTmp/CheckSymbolExists.c:2:10: fatal error: OPENCL_INCLUDE_DIR-NOTFOUND/CL/cl.h: No such file or directory
    2 | #include <OPENCL_INCLUDE_DIR-NOTFOUND/CL/cl.h>
      |          ^~~~~~~~~~~~~~~~~~~~~~~~~~~~~~~~~~~~~
compilation terminated.
gmake[1]: *** [CMakeFiles/cmTC_bdcba.dir/build.make:78: CMakeFiles/cmTC_bdcba.dir/CheckSymbolExists.c.o] Error 1
gmake[1]: Leaving directory '/home/hetech/para deletar/gnss-sdr/build/CMakeFiles/CMakeTmp'
gmake: *** [Makefile:127: cmTC_bdcba/fast] Error 2


File /home/hetech/para deletar/gnss-sdr/build/CMakeFiles/CMakeTmp/CheckSymbolExists.c:
/* */
#include <OPENCL_INCLUDE_DIR-NOTFOUND/CL/cl.h>

int main(int argc, char** argv)
{
  (void)argv;
#ifndef CL_VERSION_2_2
  return ((int*)(&CL_VERSION_2_2))[argc];
#else
  (void)argc;
  return 0;
#endif
}
Determining if the CL_VERSION_2_1 exist failed with the following output:
Change Dir: /home/hetech/para deletar/gnss-sdr/build/CMakeFiles/CMakeTmp

Run Build Command(s):/usr/bin/gmake -f Makefile cmTC_3746d/fast && /usr/bin/gmake  -f CMakeFiles/cmTC_3746d.dir/build.make CMakeFiles/cmTC_3746d.dir/build
gmake[1]: Entering directory '/home/hetech/para deletar/gnss-sdr/build/CMakeFiles/CMakeTmp'
Building C object CMakeFiles/cmTC_3746d.dir/CheckSymbolExists.c.o
/usr/bin/gcc   -std=gnu11 -o CMakeFiles/cmTC_3746d.dir/CheckSymbolExists.c.o -c "/home/hetech/para deletar/gnss-sdr/build/CMakeFiles/CMakeTmp/CheckSymbolExists.c"
/home/hetech/para deletar/gnss-sdr/build/CMakeFiles/CMakeTmp/CheckSymbolExists.c:2:10: fatal error: OPENCL_INCLUDE_DIR-NOTFOUND/CL/cl.h: No such file or directory
    2 | #include <OPENCL_INCLUDE_DIR-NOTFOUND/CL/cl.h>
      |          ^~~~~~~~~~~~~~~~~~~~~~~~~~~~~~~~~~~~~
compilation terminated.
gmake[1]: *** [CMakeFiles/cmTC_3746d.dir/build.make:78: CMakeFiles/cmTC_3746d.dir/CheckSymbolExists.c.o] Error 1
gmake[1]: Leaving directory '/home/hetech/para deletar/gnss-sdr/build/CMakeFiles/CMakeTmp'
gmake: *** [Makefile:127: cmTC_3746d/fast] Error 2


File /home/hetech/para deletar/gnss-sdr/build/CMakeFiles/CMakeTmp/CheckSymbolExists.c:
/* */
#include <OPENCL_INCLUDE_DIR-NOTFOUND/CL/cl.h>

int main(int argc, char** argv)
{
  (void)argv;
#ifndef CL_VERSION_2_1
  return ((int*)(&CL_VERSION_2_1))[argc];
#else
  (void)argc;
  return 0;
#endif
}
Determining if the CL_VERSION_2_0 exist failed with the following output:
Change Dir: /home/hetech/para deletar/gnss-sdr/build/CMakeFiles/CMakeTmp

Run Build Command(s):/usr/bin/gmake -f Makefile cmTC_8f24c/fast && /usr/bin/gmake  -f CMakeFiles/cmTC_8f24c.dir/build.make CMakeFiles/cmTC_8f24c.dir/build
gmake[1]: Entering directory '/home/hetech/para deletar/gnss-sdr/build/CMakeFiles/CMakeTmp'
Building C object CMakeFiles/cmTC_8f24c.dir/CheckSymbolExists.c.o
/usr/bin/gcc   -std=gnu11 -o CMakeFiles/cmTC_8f24c.dir/CheckSymbolExists.c.o -c "/home/hetech/para deletar/gnss-sdr/build/CMakeFiles/CMakeTmp/CheckSymbolExists.c"
/home/hetech/para deletar/gnss-sdr/build/CMakeFiles/CMakeTmp/CheckSymbolExists.c:2:10: fatal error: OPENCL_INCLUDE_DIR-NOTFOUND/CL/cl.h: No such file or directory
    2 | #include <OPENCL_INCLUDE_DIR-NOTFOUND/CL/cl.h>
      |          ^~~~~~~~~~~~~~~~~~~~~~~~~~~~~~~~~~~~~
compilation terminated.
gmake[1]: *** [CMakeFiles/cmTC_8f24c.dir/build.make:78: CMakeFiles/cmTC_8f24c.dir/CheckSymbolExists.c.o] Error 1
gmake[1]: Leaving directory '/home/hetech/para deletar/gnss-sdr/build/CMakeFiles/CMakeTmp'
gmake: *** [Makefile:127: cmTC_8f24c/fast] Error 2


File /home/hetech/para deletar/gnss-sdr/build/CMakeFiles/CMakeTmp/CheckSymbolExists.c:
/* */
#include <OPENCL_INCLUDE_DIR-NOTFOUND/CL/cl.h>

int main(int argc, char** argv)
{
  (void)argv;
#ifndef CL_VERSION_2_0
  return ((int*)(&CL_VERSION_2_0))[argc];
#else
  (void)argc;
  return 0;
#endif
}
Determining if the CL_VERSION_1_2 exist failed with the following output:
Change Dir: /home/hetech/para deletar/gnss-sdr/build/CMakeFiles/CMakeTmp

Run Build Command(s):/usr/bin/gmake -f Makefile cmTC_5a965/fast && /usr/bin/gmake  -f CMakeFiles/cmTC_5a965.dir/build.make CMakeFiles/cmTC_5a965.dir/build
gmake[1]: Entering directory '/home/hetech/para deletar/gnss-sdr/build/CMakeFiles/CMakeTmp'
Building C object CMakeFiles/cmTC_5a965.dir/CheckSymbolExists.c.o
/usr/bin/gcc   -std=gnu11 -o CMakeFiles/cmTC_5a965.dir/CheckSymbolExists.c.o -c "/home/hetech/para deletar/gnss-sdr/build/CMakeFiles/CMakeTmp/CheckSymbolExists.c"
/home/hetech/para deletar/gnss-sdr/build/CMakeFiles/CMakeTmp/CheckSymbolExists.c:2:10: fatal error: OPENCL_INCLUDE_DIR-NOTFOUND/CL/cl.h: No such file or directory
    2 | #include <OPENCL_INCLUDE_DIR-NOTFOUND/CL/cl.h>
      |          ^~~~~~~~~~~~~~~~~~~~~~~~~~~~~~~~~~~~~
compilation terminated.
gmake[1]: *** [CMakeFiles/cmTC_5a965.dir/build.make:78: CMakeFiles/cmTC_5a965.dir/CheckSymbolExists.c.o] Error 1
gmake[1]: Leaving directory '/home/hetech/para deletar/gnss-sdr/build/CMakeFiles/CMakeTmp'
gmake: *** [Makefile:127: cmTC_5a965/fast] Error 2


File /home/hetech/para deletar/gnss-sdr/build/CMakeFiles/CMakeTmp/CheckSymbolExists.c:
/* */
#include <OPENCL_INCLUDE_DIR-NOTFOUND/CL/cl.h>

int main(int argc, char** argv)
{
  (void)argv;
#ifndef CL_VERSION_1_2
  return ((int*)(&CL_VERSION_1_2))[argc];
#else
  (void)argc;
  return 0;
#endif
}
Determining if the CL_VERSION_1_1 exist failed with the following output:
Change Dir: /home/hetech/para deletar/gnss-sdr/build/CMakeFiles/CMakeTmp

Run Build Command(s):/usr/bin/gmake -f Makefile cmTC_603a9/fast && /usr/bin/gmake  -f CMakeFiles/cmTC_603a9.dir/build.make CMakeFiles/cmTC_603a9.dir/build
gmake[1]: Entering directory '/home/hetech/para deletar/gnss-sdr/build/CMakeFiles/CMakeTmp'
Building C object CMakeFiles/cmTC_603a9.dir/CheckSymbolExists.c.o
/usr/bin/gcc   -std=gnu11 -o CMakeFiles/cmTC_603a9.dir/CheckSymbolExists.c.o -c "/home/hetech/para deletar/gnss-sdr/build/CMakeFiles/CMakeTmp/CheckSymbolExists.c"
/home/hetech/para deletar/gnss-sdr/build/CMakeFiles/CMakeTmp/CheckSymbolExists.c:2:10: fatal error: OPENCL_INCLUDE_DIR-NOTFOUND/CL/cl.h: No such file or directory
    2 | #include <OPENCL_INCLUDE_DIR-NOTFOUND/CL/cl.h>
      |          ^~~~~~~~~~~~~~~~~~~~~~~~~~~~~~~~~~~~~
compilation terminated.
gmake[1]: *** [CMakeFiles/cmTC_603a9.dir/build.make:78: CMakeFiles/cmTC_603a9.dir/CheckSymbolExists.c.o] Error 1
gmake[1]: Leaving directory '/home/hetech/para deletar/gnss-sdr/build/CMakeFiles/CMakeTmp'
gmake: *** [Makefile:127: cmTC_603a9/fast] Error 2


File /home/hetech/para deletar/gnss-sdr/build/CMakeFiles/CMakeTmp/CheckSymbolExists.c:
/* */
#include <OPENCL_INCLUDE_DIR-NOTFOUND/CL/cl.h>

int main(int argc, char** argv)
{
  (void)argv;
#ifndef CL_VERSION_1_1
  return ((int*)(&CL_VERSION_1_1))[argc];
#else
  (void)argc;
  return 0;
#endif
}
Determining if the CL_VERSION_1_0 exist failed with the following output:
Change Dir: /home/hetech/para deletar/gnss-sdr/build/CMakeFiles/CMakeTmp

Run Build Command(s):/usr/bin/gmake -f Makefile cmTC_c642b/fast && /usr/bin/gmake  -f CMakeFiles/cmTC_c642b.dir/build.make CMakeFiles/cmTC_c642b.dir/build
gmake[1]: Entering directory '/home/hetech/para deletar/gnss-sdr/build/CMakeFiles/CMakeTmp'
Building C object CMakeFiles/cmTC_c642b.dir/CheckSymbolExists.c.o
/usr/bin/gcc   -std=gnu11 -o CMakeFiles/cmTC_c642b.dir/CheckSymbolExists.c.o -c "/home/hetech/para deletar/gnss-sdr/build/CMakeFiles/CMakeTmp/CheckSymbolExists.c"
/home/hetech/para deletar/gnss-sdr/build/CMakeFiles/CMakeTmp/CheckSymbolExists.c:2:10: fatal error: OPENCL_INCLUDE_DIR-NOTFOUND/CL/cl.h: No such file or directory
    2 | #include <OPENCL_INCLUDE_DIR-NOTFOUND/CL/cl.h>
      |          ^~~~~~~~~~~~~~~~~~~~~~~~~~~~~~~~~~~~~
compilation terminated.
gmake[1]: *** [CMakeFiles/cmTC_c642b.dir/build.make:78: CMakeFiles/cmTC_c642b.dir/CheckSymbolExists.c.o] Error 1
gmake[1]: Leaving directory '/home/hetech/para deletar/gnss-sdr/build/CMakeFiles/CMakeTmp'
gmake: *** [Makefile:127: cmTC_c642b/fast] Error 2


File /home/hetech/para deletar/gnss-sdr/build/CMakeFiles/CMakeTmp/CheckSymbolExists.c:
/* */
#include <OPENCL_INCLUDE_DIR-NOTFOUND/CL/cl.h>

int main(int argc, char** argv)
{
  (void)argv;
#ifndef CL_VERSION_1_0
  return ((int*)(&CL_VERSION_1_0))[argc];
#else
  (void)argc;
  return 0;
#endif
}
Performing C++ SOURCE FILE Test has_span failed with the following output:
Change Dir: /home/hetech/para deletar/gnss-sdr/build/CMakeFiles/CMakeTmp

Run Build Command(s):/usr/bin/gmake -f Makefile cmTC_84f32/fast && /usr/bin/gmake  -f CMakeFiles/cmTC_84f32.dir/build.make CMakeFiles/cmTC_84f32.dir/build
gmake[1]: Entering directory '/home/hetech/para deletar/gnss-sdr/build/CMakeFiles/CMakeTmp'
Building CXX object CMakeFiles/cmTC_84f32.dir/src.cxx.o
/usr/bin/g++ -Dhas_span  -std=c++17 -o CMakeFiles/cmTC_84f32.dir/src.cxx.o -c "/home/hetech/para deletar/gnss-sdr/build/CMakeFiles/CMakeTmp/src.cxx"
/home/hetech/para deletar/gnss-sdr/build/CMakeFiles/CMakeTmp/src.cxx: In function ‘int main()’:
/home/hetech/para deletar/gnss-sdr/build/CMakeFiles/CMakeTmp/src.cxx:4:12: error: ‘span’ is not a member of ‘std’
    4 |     { std::span<float> s; }
      |            ^~~~
/home/hetech/para deletar/gnss-sdr/build/CMakeFiles/CMakeTmp/src.cxx:4:17: error: expected primary-expression before ‘float’
    4 |     { std::span<float> s; }
      |                 ^~~~~
gmake[1]: *** [CMakeFiles/cmTC_84f32.dir/build.make:78: CMakeFiles/cmTC_84f32.dir/src.cxx.o] Error 1
gmake[1]: Leaving directory '/home/hetech/para deletar/gnss-sdr/build/CMakeFiles/CMakeTmp'
gmake: *** [Makefile:127: cmTC_84f32/fast] Error 2


Source file was:

    #include <span>
    int main()
    { std::span<float> s; }
